-- The C compiler identification is GNU 14.2.0
-- The CXX compiler identification is GNU 14.2.0
-- Detecting C compiler ABI info
-- Detecting C compiler ABI info - done
-- Check for working C compiler: /usr/bin/cc - skipped
-- Detecting C compile features
-- Detecting C compile features - done
-- Detecting CXX compiler ABI info
-- Detecting CXX compiler ABI info - done
-- Check for working CXX compiler: /usr/bin/c++ - skipped
-- Detecting CXX compile features
-- Detecting CXX compile features - done
CMake Error at CMakeLists.txt:83 (find_package):
  Could not find a package configuration file provided by "MLIR" with any of
  the following names:

    MLIR.cps
    mlir.cps
    MLIRConfig.cmake
    mlir-config.cmake

  Add the installation prefix of "MLIR" to CMAKE_PREFIX_PATH or set
  "MLIR_DIR" to a directory containing one of the above files.  If "MLIR"
  provides a separate development package or SDK, be sure it has been
  installed.


-- Configuring incomplete, errors occurred!
