[INFO] Using merged native A5 regbase pipeline
warning: warning: --enable-preload=true overrides --enablecv-pipeline-mode; forcing 'Skew'.
warning: warning: --enable-preload=true overrides --enablecv-pipeline-mode; forcing 'Skew'.
bisheng: warning: the flag '--cce-aicore-input-parameter-size=1536' has been deprecated and will be ignored [-Wunused-command-line-argument]
error: unsupported option '-emit-llvm'
[ERROR] Executing: /workspace/Ascend/cann-9.2.0-beta.2/bin/bisheng /workspace/setup/tilelang/results/scenarios-npuir-main-probe-013dbbf5/copy_256/backend-a5-flags/temps/kernel-with-ir.ll -o /workspace/setup/tilelang/results/scenarios-npuir-main-probe-013dbbf5/copy_256/backend-a5-flags/kernel-with-ir_linked.ll --cce-aicore-arch=dav-c310-vec --cce-aicore-only -O2 -cce-bitcode-is-aicore -Wno-override-module -mllvm --cce-vf-auto-sync=global -mllvm -cce-aicore-dcci-insert-for-scalar=false -mllvm -cce-vf-aa-between-iters=true -mllvm -cce-vf-enable-loop-fusion=false -Xclang -disable-llvm-optzns -S -emit-llvm --cce-long-scbz=true --cce-aicore-input-parameter-size=1536 -cce-link-aicore-ll-module /workspace/setup/cann/components-9.2/npu-ir/bishengir/lib/meta_op.aiv.c310.bc
[ERROR] failed to execute bisheng
loc("/workspace/setup/tilelang/results/scenarios-npuir-main-probe-013dbbf5/copy_256/backend-a5-flags/temps/module.hivm.opt.mlir":1:1): error: Failed to compile BiShengLIR for device
[ERROR] Failed to run HIVMC pipeline
[ERROR] Executing: /workspace/Ascend/cann-9.2.0-beta.2/bin/hivmc-a5 /workspace/setup/tilelang/results/scenarios-npuir-main-probe-013dbbf5/copy_256/backend-a5-flags/temps/module.hivm.opt.mlir --target=Ascend950PR_9589 --save-linked-ir=true --triton-metadata-output=/workspace/setup/tilelang/results/scenarios-npuir-main-probe-013dbbf5/copy_256/backend-a5-flags/triton-metadata.json --save-temps=/workspace/setup/tilelang/results/scenarios-npuir-main-probe-013dbbf5/copy_256/backend-a5-flags/temps --enable-triton-kernel-compile=true -o /workspace/setup/tilelang/results/scenarios-npuir-main-probe-013dbbf5/copy_256/backend-a5-flags/kernel-with-ir.o --only-run-hivm-pipeline=false
warning: warning: --enable-preload=true overrides --enablecv-pipeline-mode; forcing 'Skew'.
warning: warning: --enable-preload=true overrides --enablecv-pipeline-mode; forcing 'Skew'.
bisheng: warning: the flag '--cce-aicore-input-parameter-size=1536' has been deprecated and will be ignored [-Wunused-command-line-argument]
error: unsupported option '-emit-llvm'
[ERROR] Executing: /workspace/Ascend/cann-9.2.0-beta.2/bin/bisheng /workspace/setup/tilelang/results/scenarios-npuir-main-probe-013dbbf5/copy_256/backend-a5-flags/temps/kernel-with-ir.ll -o /workspace/setup/tilelang/results/scenarios-npuir-main-probe-013dbbf5/copy_256/backend-a5-flags/kernel-with-ir_linked.ll --cce-aicore-arch=dav-c310-vec --cce-aicore-only -O2 -cce-bitcode-is-aicore -Wno-override-module -mllvm --cce-vf-auto-sync=global -mllvm -cce-aicore-dcci-insert-for-scalar=false -mllvm -cce-vf-aa-between-iters=true -mllvm -cce-vf-enable-loop-fusion=false -Xclang -disable-llvm-optzns -S -emit-llvm --cce-long-scbz=true --cce-aicore-input-parameter-size=1536 -cce-link-aicore-ll-module /workspace/setup/cann/components-9.2/npu-ir/bishengir/lib/meta_op.aiv.c310.bc
[ERROR] failed to execute bisheng
loc("/workspace/setup/tilelang/results/scenarios-npuir-main-probe-013dbbf5/copy_256/backend-a5-flags/temps/module.hivm.opt.mlir":1:1): error: Failed to compile BiShengLIR for device
[ERROR] Failed to run HIVMC pipeline
[ERROR] Executing: /workspace/Ascend/cann-9.2.0-beta.2/bin/hivmc-a5 /workspace/setup/tilelang/results/scenarios-npuir-main-probe-013dbbf5/copy_256/backend-a5-flags/temps/module.hivm.opt.mlir --target=Ascend950PR_9589 --save-linked-ir=true --triton-metadata-output=/workspace/setup/tilelang/results/scenarios-npuir-main-probe-013dbbf5/copy_256/backend-a5-flags/triton-metadata.json --save-temps=/workspace/setup/tilelang/results/scenarios-npuir-main-probe-013dbbf5/copy_256/backend-a5-flags/temps --enable-triton-kernel-compile=true -o /workspace/setup/tilelang/results/scenarios-npuir-main-probe-013dbbf5/copy_256/backend-a5-flags/kernel-with-ir.o --only-run-hivm-pipeline=false
warning: warning: --enable-preload=true overrides --enablecv-pipeline-mode; forcing 'Skew'.
warning: warning: --enable-preload=true overrides --enablecv-pipeline-mode; forcing 'Skew'.
bisheng: warning: the flag '--cce-aicore-input-parameter-size=1536' has been deprecated and will be ignored [-Wunused-command-line-argument]
error: unsupported option '-emit-llvm'
[ERROR] Executing: /workspace/Ascend/cann-9.2.0-beta.2/bin/bisheng /workspace/setup/tilelang/results/scenarios-npuir-main-probe-013dbbf5/copy_256/backend-a5-flags/temps/kernel-with-ir.ll -o /workspace/setup/tilelang/results/scenarios-npuir-main-probe-013dbbf5/copy_256/backend-a5-flags/kernel-with-ir_linked.ll --cce-aicore-arch=dav-c310-vec --cce-aicore-only -O2 -cce-bitcode-is-aicore -Wno-override-module -mllvm --cce-vf-auto-sync=global -mllvm -cce-aicore-dcci-insert-for-scalar=false -mllvm -cce-vf-aa-between-iters=true -mllvm -cce-vf-enable-loop-fusion=false -Xclang -disable-llvm-optzns -S -emit-llvm --cce-long-scbz=true --cce-aicore-input-parameter-size=1536 -cce-link-aicore-ll-module /workspace/setup/cann/components-9.2/npu-ir/bishengir/lib/meta_op.aiv.c310.bc
[ERROR] failed to execute bisheng
loc("/workspace/setup/tilelang/results/scenarios-npuir-main-probe-013dbbf5/copy_256/backend-a5-flags/temps/module.hivm.opt.mlir":1:1): error: Failed to compile BiShengLIR for device
[ERROR] Failed to run HIVMC pipeline
[ERROR] Executing: /workspace/Ascend/cann-9.2.0-beta.2/bin/hivmc-a5 /workspace/setup/tilelang/results/scenarios-npuir-main-probe-013dbbf5/copy_256/backend-a5-flags/temps/module.hivm.opt.mlir --target=Ascend950PR_9589 --save-linked-ir=true --triton-metadata-output=/workspace/setup/tilelang/results/scenarios-npuir-main-probe-013dbbf5/copy_256/backend-a5-flags/triton-metadata.json --save-temps=/workspace/setup/tilelang/results/scenarios-npuir-main-probe-013dbbf5/copy_256/backend-a5-flags/temps --enable-triton-kernel-compile=true -o /workspace/setup/tilelang/results/scenarios-npuir-main-probe-013dbbf5/copy_256/backend-a5-flags/kernel-with-ir.o --only-run-hivm-pipeline=false
warning: warning: --enable-preload=true overrides --enablecv-pipeline-mode; forcing 'Skew'.
warning: warning: --enable-preload=true overrides --enablecv-pipeline-mode; forcing 'Skew'.
bisheng: warning: the flag '--cce-aicore-input-parameter-size=1536' has been deprecated and will be ignored [-Wunused-command-line-argument]
error: unsupported option '-emit-llvm'
[ERROR] Executing: /workspace/Ascend/cann-9.2.0-beta.2/bin/bisheng /workspace/setup/tilelang/results/scenarios-npuir-main-probe-013dbbf5/copy_256/backend-a5-flags/temps/kernel-with-ir.ll -o /workspace/setup/tilelang/results/scenarios-npuir-main-probe-013dbbf5/copy_256/backend-a5-flags/kernel-with-ir_linked.ll --cce-aicore-arch=dav-c310-vec --cce-aicore-only -O2 -cce-bitcode-is-aicore -Wno-override-module -mllvm --cce-vf-auto-sync=global -mllvm -cce-aicore-dcci-insert-for-scalar=false -mllvm -cce-vf-aa-between-iters=true -mllvm -cce-vf-enable-loop-fusion=false -Xclang -disable-llvm-optzns -S -emit-llvm --cce-long-scbz=true --cce-aicore-input-parameter-size=1536 -cce-link-aicore-ll-module /workspace/setup/cann/components-9.2/npu-ir/bishengir/lib/meta_op.aiv.c310.bc
[ERROR] failed to execute bisheng
loc("/workspace/setup/tilelang/results/scenarios-npuir-main-probe-013dbbf5/copy_256/backend-a5-flags/temps/module.hivm.opt.mlir":1:1): error: Failed to compile BiShengLIR for device
[ERROR] Failed to run HIVMC pipeline
[ERROR] Executing: /workspace/Ascend/cann-9.2.0-beta.2/bin/hivmc-a5 /workspace/setup/tilelang/results/scenarios-npuir-main-probe-013dbbf5/copy_256/backend-a5-flags/temps/module.hivm.opt.mlir --target=Ascend950PR_9589 --save-linked-ir=true --triton-metadata-output=/workspace/setup/tilelang/results/scenarios-npuir-main-probe-013dbbf5/copy_256/backend-a5-flags/triton-metadata.json --save-temps=/workspace/setup/tilelang/results/scenarios-npuir-main-probe-013dbbf5/copy_256/backend-a5-flags/temps --enable-triton-kernel-compile=true -o /workspace/setup/tilelang/results/scenarios-npuir-main-probe-013dbbf5/copy_256/backend-a5-flags/kernel-with-ir.o --only-run-hivm-pipeline=false
warning: warning: --enable-preload=true overrides --enablecv-pipeline-mode; forcing 'Skew'.
warning: warning: --enable-preload=true overrides --enablecv-pipeline-mode; forcing 'Skew'.
bisheng: warning: the flag '--cce-aicore-input-parameter-size=1536' has been deprecated and will be ignored [-Wunused-command-line-argument]
error: unsupported option '-emit-llvm'
[ERROR] Executing: /workspace/Ascend/cann-9.2.0-beta.2/bin/bisheng /workspace/setup/tilelang/results/scenarios-npuir-main-probe-013dbbf5/copy_256/backend-a5-flags/temps/kernel-with-ir.ll -o /workspace/setup/tilelang/results/scenarios-npuir-main-probe-013dbbf5/copy_256/backend-a5-flags/kernel-with-ir_linked.ll --cce-aicore-arch=dav-c310-vec --cce-aicore-only -O2 -cce-bitcode-is-aicore -Wno-override-module -mllvm --cce-vf-auto-sync=global -mllvm -cce-aicore-dcci-insert-for-scalar=false -mllvm -cce-vf-aa-between-iters=true -mllvm -cce-vf-enable-loop-fusion=false -Xclang -disable-llvm-optzns -S -emit-llvm --cce-long-scbz=true --cce-aicore-input-parameter-size=1536 -cce-link-aicore-ll-module /workspace/setup/cann/components-9.2/npu-ir/bishengir/lib/meta_op.aiv.c310.bc
[ERROR] failed to execute bisheng
loc("/workspace/setup/tilelang/results/scenarios-npuir-main-probe-013dbbf5/copy_256/backend-a5-flags/temps/module.hivm.opt.mlir":1:1): error: Failed to compile BiShengLIR for device
[ERROR] Failed to run HIVMC pipeline
[ERROR] Executing: /workspace/Ascend/cann-9.2.0-beta.2/bin/hivmc-a5 /workspace/setup/tilelang/results/scenarios-npuir-main-probe-013dbbf5/copy_256/backend-a5-flags/temps/module.hivm.opt.mlir --target=Ascend950PR_9589 --save-linked-ir=true --triton-metadata-output=/workspace/setup/tilelang/results/scenarios-npuir-main-probe-013dbbf5/copy_256/backend-a5-flags/triton-metadata.json --save-temps=/workspace/setup/tilelang/results/scenarios-npuir-main-probe-013dbbf5/copy_256/backend-a5-flags/temps --enable-triton-kernel-compile=true -o /workspace/setup/tilelang/results/scenarios-npuir-main-probe-013dbbf5/copy_256/backend-a5-flags/kernel-with-ir.o --only-run-hivm-pipeline=false
warning: warning: --enable-preload=true overrides --enablecv-pipeline-mode; forcing 'Skew'.
warning: warning: --enable-preload=true overrides --enablecv-pipeline-mode; forcing 'Skew'.
bisheng: warning: the flag '--cce-aicore-input-parameter-size=1536' has been deprecated and will be ignored [-Wunused-command-line-argument]
error: unsupported option '-emit-llvm'
[ERROR] Executing: /workspace/Ascend/cann-9.2.0-beta.2/bin/bisheng /workspace/setup/tilelang/results/scenarios-npuir-main-probe-013dbbf5/copy_256/backend-a5-flags/temps/kernel-with-ir.ll -o /workspace/setup/tilelang/results/scenarios-npuir-main-probe-013dbbf5/copy_256/backend-a5-flags/kernel-with-ir_linked.ll --cce-aicore-arch=dav-c310-vec --cce-aicore-only -O2 -cce-bitcode-is-aicore -Wno-override-module -mllvm --cce-vf-auto-sync=global -mllvm -cce-aicore-dcci-insert-for-scalar=false -mllvm -cce-vf-aa-between-iters=true -mllvm -cce-vf-enable-loop-fusion=false -Xclang -disable-llvm-optzns -S -emit-llvm --cce-long-scbz=true --cce-aicore-input-parameter-size=1536 -cce-link-aicore-ll-module /workspace/setup/cann/components-9.2/npu-ir/bishengir/lib/meta_op.aiv.c310.bc
[ERROR] failed to execute bisheng
loc("/workspace/setup/tilelang/results/scenarios-npuir-main-probe-013dbbf5/copy_256/backend-a5-flags/temps/module.hivm.opt.mlir":1:1): error: Failed to compile BiShengLIR for device
[ERROR] Failed to run HIVMC pipeline
[ERROR] Executing: /workspace/Ascend/cann-9.2.0-beta.2/bin/hivmc-a5 /workspace/setup/tilelang/results/scenarios-npuir-main-probe-013dbbf5/copy_256/backend-a5-flags/temps/module.hivm.opt.mlir --target=Ascend950PR_9589 --save-linked-ir=true --triton-metadata-output=/workspace/setup/tilelang/results/scenarios-npuir-main-probe-013dbbf5/copy_256/backend-a5-flags/triton-metadata.json --save-temps=/workspace/setup/tilelang/results/scenarios-npuir-main-probe-013dbbf5/copy_256/backend-a5-flags/temps --enable-triton-kernel-compile=true -o /workspace/setup/tilelang/results/scenarios-npuir-main-probe-013dbbf5/copy_256/backend-a5-flags/kernel-with-ir.o --only-run-hivm-pipeline=false
[ERROR] Failed to run BiShengIR regbase pipeline
